Flow report for AES_VHDL
Tue May 13 16:09:41 2025
Quartus Prime Version 23.1std.0 Build 991 11/28/2023 Patches 0.02std SC Standard Edition


---------------------
; Table of Contents ;
---------------------
  1. Legal Notice
  2. Flow Summary
  3. Flow Settings
  4. Flow Non-Default Global Settings
  5. Flow Elapsed Time
  6. Flow OS Summary
  7. Flow Log
  8. Flow Messages
  9. Flow Suppressed Messages



----------------
; Legal Notice ;
----------------
Copyright (C) 2023  Intel Corporation. All rights reserved.
Your use of Intel Corporation's design tools, logic functions 
and other software and tools, and any partner logic 
functions, and any output files from any of the foregoing 
(including device programming or simulation files), and any 
associated documentation or information are expressly subject 
to the terms and conditions of the Intel Program License 
Subscription Agreement, the Intel Quartus Prime License Agreement,
the Intel FPGA IP License Agreement, or other applicable license
agreement, including, without limitation, that your use is for
the sole purpose of programming logic devices manufactured by
Intel and sold by Intel or its authorized distributors.  Please
refer to the applicable agreement for further details, at
https://fpgasoftware.intel.com/eula.



+---------------------------------------------------------------------------------------------------------+
; Flow Summary                                                                                            ;
+------------------------------------+--------------------------------------------------------------------+
; Flow Status                        ; Successful - Tue May 13 16:09:36 2025                              ;
; Quartus Prime Version              ; 23.1std.0 Build 991 11/28/2023 Patches 0.02std SC Standard Edition ;
; Revision Name                      ; AES_VHDL                                                           ;
; Top-level Entity Name              ; controller                                                         ;
; Family                             ; Cyclone IV E                                                       ;
; Device                             ; EP4CE115F29C7                                                      ;
; Timing Models                      ; Final                                                              ;
; Total logic elements               ; 8,128 / 114,480 ( 7 % )                                            ;
;     Total combinational functions  ; 7,991 / 114,480 ( 7 % )                                            ;
;     Dedicated logic registers      ; 264 / 114,480 ( < 1 % )                                            ;
; Total registers                    ; 264                                                                ;
; Total pins                         ; 58 / 529 ( 11 % )                                                  ;
; Total virtual pins                 ; 0                                                                  ;
; Total memory bits                  ; 0 / 3,981,312 ( 0 % )                                              ;
; Embedded Multiplier 9-bit elements ; 0 / 532 ( 0 % )                                                    ;
; Total PLLs                         ; 0 / 4 ( 0 % )                                                      ;
+------------------------------------+--------------------------------------------------------------------+


+-----------------------------------------+
; Flow Settings                           ;
+-------------------+---------------------+
; Option            ; Setting             ;
+-------------------+---------------------+
; Start date & time ; 05/13/2025 16:08:02 ;
; Main task         ; Compilation         ;
; Revision Name     ; AES_VHDL            ;
+-------------------+---------------------+


+-------------------------------------------------------------------------------------------------------------------------+
; Flow Non-Default Global Settings                                                                                        ;
+-------------------------------------+----------------------------------------+---------------+-------------+------------+
; Assignment Name                     ; Value                                  ; Default Value ; Entity Name ; Section Id ;
+-------------------------------------+----------------------------------------+---------------+-------------+------------+
; COMPILER_SIGNATURE_ID               ; 114374084735829.174714528232051        ; --            ; --          ; --         ;
; MAX_CORE_JUNCTION_TEMP              ; 85                                     ; --            ; --          ; --         ;
; MIN_CORE_JUNCTION_TEMP              ; 0                                      ; --            ; --          ; --         ;
; NOMINAL_CORE_SUPPLY_VOLTAGE         ; 1.2V                                   ; --            ; --          ; --         ;
; PARTITION_COLOR                     ; -- (Not supported for targeted family) ; --            ; controller  ; Top        ;
; PARTITION_FITTER_PRESERVATION_LEVEL ; -- (Not supported for targeted family) ; --            ; controller  ; Top        ;
; PARTITION_NETLIST_TYPE              ; -- (Not supported for targeted family) ; --            ; controller  ; Top        ;
; POWER_BOARD_THERMAL_MODEL           ; None (CONSERVATIVE)                    ; --            ; --          ; --         ;
; POWER_PRESET_COOLING_SOLUTION       ; 23 MM HEAT SINK WITH 200 LFPM AIRFLOW  ; --            ; --          ; --         ;
; PROJECT_OUTPUT_DIRECTORY            ; output_files                           ; --            ; --          ; --         ;
; TOP_LEVEL_ENTITY                    ; controller                             ; AES_VHDL      ; --          ; --         ;
+-------------------------------------+----------------------------------------+---------------+-------------+------------+


+--------------------------------------------------------------------------------------------------------------------------+
; Flow Elapsed Time                                                                                                        ;
+----------------------+--------------+-------------------------+---------------------+------------------------------------+
; Module Name          ; Elapsed Time ; Average Processors Used ; Peak Virtual Memory ; Total CPU Time (on all processors) ;
+----------------------+--------------+-------------------------+---------------------+------------------------------------+
; Analysis & Synthesis ; 00:01:07     ; 1.0                     ; 528 MB              ; 00:01:15                           ;
; Fitter               ; 00:00:21     ; 1.1                     ; 1269 MB             ; 00:00:30                           ;
; Assembler            ; 00:00:02     ; 1.0                     ; 435 MB              ; 00:00:02                           ;
; Timing Analyzer      ; 00:00:03     ; 1.3                     ; 690 MB              ; 00:00:03                           ;
; Total                ; 00:01:33     ; --                      ; --                  ; 00:01:50                           ;
+----------------------+--------------+-------------------------+---------------------+------------------------------------+


+-----------------------------------------------------------------------------------+
; Flow OS Summary                                                                   ;
+----------------------+--------------------+---------+------------+----------------+
; Module Name          ; Machine Hostname   ; OS Name ; OS Version ; Processor type ;
+----------------------+--------------------+---------+------------+----------------+
; Analysis & Synthesis ; lnx00349.ad.liu.se ; Red Hat ; Red Hat    ; x86_64         ;
; Fitter               ; lnx00349.ad.liu.se ; Red Hat ; Red Hat    ; x86_64         ;
; Assembler            ; lnx00349.ad.liu.se ; Red Hat ; Red Hat    ; x86_64         ;
; Timing Analyzer      ; lnx00349.ad.liu.se ; Red Hat ; Red Hat    ; x86_64         ;
+----------------------+--------------------+---------+------------+----------------+


------------
; Flow Log ;
------------
quartus_map --read_settings_files=on --write_settings_files=off AES_VHDL -c AES_VHDL
quartus_fit --read_settings_files=off --write_settings_files=off AES_VHDL -c AES_VHDL
quartus_asm --read_settings_files=off --write_settings_files=off AES_VHDL -c AES_VHDL
quartus_sta AES_VHDL -c AES_VHDL



