Analysis & Synthesis report for AES_VHDL
Tue May 13 16:09:09 2025
Quartus Prime Version 23.1std.0 Build 991 11/28/2023 Patches 0.02std SC Standard Edition


---------------------
; Table of Contents ;
---------------------
  1. Legal Notice
  2. Analysis & Synthesis Summary
  3. Analysis & Synthesis Settings
  4. Parallel Compilation
  5. Analysis & Synthesis Source Files Read
  6. Analysis & Synthesis Resource Usage Summary
  7. Analysis & Synthesis Resource Utilization by Entity
  8. Registers Removed During Synthesis
  9. General Register Statistics
 10. Multiplexer Restructuring Statistics (Restructuring Performed)
 11. Port Connectivity Checks: "decryption_aes:decryption_inst"
 12. Port Connectivity Checks: "aes_vhdl:encryption_inst"
 13. Post-Synthesis Netlist Statistics for Top Partition
 14. Elapsed Time Per Partition
 15. Analysis & Synthesis Messages



----------------
; Legal Notice ;
----------------
Copyright (C) 2023  Intel Corporation. All rights reserved.
Your use of Intel Corporation's design tools, logic functions 
and other software and tools, and any partner logic 
functions, and any output files from any of the foregoing 
(including device programming or simulation files), and any 
associated documentation or information are expressly subject 
to the terms and conditions of the Intel Program License 
Subscription Agreement, the Intel Quartus Prime License Agreement,
the Intel FPGA IP License Agreement, or other applicable license
agreement, including, without limitation, that your use is for
the sole purpose of programming logic devices manufactured by
Intel and sold by Intel or its authorized distributors.  Please
refer to the applicable agreement for further details, at
https://fpgasoftware.intel.com/eula.



+---------------------------------------------------------------------------------------------------------+
; Analysis & Synthesis Summary                                                                            ;
+------------------------------------+--------------------------------------------------------------------+
; Analysis & Synthesis Status        ; Successful - Tue May 13 16:09:09 2025                              ;
; Quartus Prime Version              ; 23.1std.0 Build 991 11/28/2023 Patches 0.02std SC Standard Edition ;
; Revision Name                      ; AES_VHDL                                                           ;
; Top-level Entity Name              ; controller                                                         ;
; Family                             ; Cyclone IV E                                                       ;
; Total logic elements               ; 7,991                                                              ;
;     Total combinational functions  ; 7,991                                                              ;
;     Dedicated logic registers      ; 264                                                                ;
; Total registers                    ; 264                                                                ;
; Total pins                         ; 58                                                                 ;
; Total virtual pins                 ; 0                                                                  ;
; Total memory bits                  ; 0                                                                  ;
; Embedded Multiplier 9-bit elements ; 0                                                                  ;
; Total PLLs                         ; 0                                                                  ;
+------------------------------------+--------------------------------------------------------------------+


+------------------------------------------------------------------------------------------------------------+
; Analysis & Synthesis Settings                                                                              ;
+------------------------------------------------------------------+--------------------+--------------------+
; Option                                                           ; Setting            ; Default Value      ;
+------------------------------------------------------------------+--------------------+--------------------+
; Device                                                           ; EP4CE115F29C7      ;                    ;
; Top-level entity name                                            ; controller         ; AES_VHDL           ;
; Family name                                                      ; Cyclone IV E       ; Cyclone V          ;
; Use smart compilation                                            ; Off                ; Off                ;
; Enable parallel Assembler and Timing Analyzer during compilation ; On                 ; On                 ;
; Enable compact report table                                      ; Off                ; Off                ;
; Restructure Multiplexers                                         ; Auto               ; Auto               ;
; Create Debugging Nodes for IP Cores                              ; Off                ; Off                ;
; Preserve fewer node names                                        ; On                 ; On                 ;
; Intel FPGA IP Evaluation Mode                                    ; Enable             ; Enable             ;
; Verilog Version                                                  ; Verilog_2001       ; Verilog_2001       ;
; VHDL Version                                                     ; VHDL_1993          ; VHDL_1993          ;
; State Machine Processing                                         ; Auto               ; Auto               ;
; Safe State Machine                                               ; Off                ; Off                ;
; Extract Verilog State Machines                                   ; On                 ; On                 ;
; Extract VHDL State Machines                                      ; On                 ; On                 ;
; Ignore Verilog initial constructs                                ; Off                ; Off                ;
; Iteration limit for constant Verilog loops                       ; 5000               ; 5000               ;
; Iteration limit for non-constant Verilog loops                   ; 250                ; 250                ;
; Add Pass-Through Logic to Inferred RAMs                          ; On                 ; On                 ;
; Infer RAMs from Raw Logic                                        ; On                 ; On                 ;
; Parallel Synthesis                                               ; On                 ; On                 ;
; DSP Block Balancing                                              ; Auto               ; Auto               ;
; NOT Gate Push-Back                                               ; On                 ; On                 ;
; Power-Up Don't Care                                              ; On                 ; On                 ;
; Remove Redundant Logic Cells                                     ; Off                ; Off                ;
; Remove Duplicate Registers                                       ; On                 ; On                 ;
; Ignore CARRY Buffers                                             ; Off                ; Off                ;
; Ignore CASCADE Buffers                                           ; Off                ; Off                ;
; Ignore GLOBAL Buffers                                            ; Off                ; Off                ;
; Ignore ROW GLOBAL Buffers                                        ; Off                ; Off                ;
; Ignore LCELL Buffers                                             ; Off                ; Off                ;
; Ignore SOFT Buffers                                              ; On                 ; On                 ;
; Limit AHDL Integers to 32 Bits                                   ; Off                ; Off                ;
; Optimization Technique                                           ; Balanced           ; Balanced           ;
; Carry Chain Length                                               ; 70                 ; 70                 ;
; Auto Carry Chains                                                ; On                 ; On                 ;
; Auto Open-Drain Pins                                             ; On                 ; On                 ;
; Perform WYSIWYG Primitive Resynthesis                            ; Off                ; Off                ;
; Auto ROM Replacement                                             ; On                 ; On                 ;
; Auto RAM Replacement                                             ; On                 ; On                 ;
; Auto DSP Block Replacement                                       ; On                 ; On                 ;
; Auto Shift Register Replacement                                  ; Auto               ; Auto               ;
; Allow Shift Register Merging across Hierarchies                  ; Auto               ; Auto               ;
; Auto Clock Enable Replacement                                    ; On                 ; On                 ;
; Strict RAM Replacement                                           ; Off                ; Off                ;
; Allow Synchronous Control Signals                                ; On                 ; On                 ;
; Force Use of Synchronous Clear Signals                           ; Off                ; Off                ;
; Auto RAM Block Balancing                                         ; On                 ; On                 ;
; Auto RAM to Logic Cell Conversion                                ; Off                ; Off                ;
; Auto Resource Sharing                                            ; Off                ; Off                ;
; Allow Any RAM Size For Recognition                               ; Off                ; Off                ;
; Allow Any ROM Size For Recognition                               ; Off                ; Off                ;
; Allow Any Shift Register Size For Recognition                    ; Off                ; Off                ;
; Use LogicLock Constraints during Resource Balancing              ; On                 ; On                 ;
; Ignore translate_off and synthesis_off directives                ; Off                ; Off                ;
; Timing-Driven Synthesis                                          ; On                 ; On                 ;
; Report Parameter Settings                                        ; On                 ; On                 ;
; Report Source Assignments                                        ; On                 ; On                 ;
; Report Connectivity Checks                                       ; On                 ; On                 ;
; Ignore Maximum Fan-Out Assignments                               ; Off                ; Off                ;
; Synchronization Register Chain Length                            ; 2                  ; 2                  ;
; Power Optimization During Synthesis                              ; Normal compilation ; Normal compilation ;
; HDL message level                                                ; Level2             ; Level2             ;
; Suppress Register Optimization Related Messages                  ; Off                ; Off                ;
; Number of Removed Registers Reported in Synthesis Report         ; 5000               ; 5000               ;
; Number of Swept Nodes Reported in Synthesis Report               ; 5000               ; 5000               ;
; Number of Inverted Registers Reported in Synthesis Report        ; 100                ; 100                ;
; Clock MUX Protection                                             ; On                 ; On                 ;
; Auto Gated Clock Conversion                                      ; Off                ; Off                ;
; Block Design Naming                                              ; Auto               ; Auto               ;
; SDC constraint protection                                        ; Off                ; Off                ;
; Synthesis Effort                                                 ; Auto               ; Auto               ;
; Shift Register Replacement - Allow Asynchronous Clear Signal     ; On                 ; On                 ;
; Pre-Mapping Resynthesis Optimization                             ; Off                ; Off                ;
; Analysis & Synthesis Message Level                               ; Medium             ; Medium             ;
; Disable Register Merging Across Hierarchies                      ; Auto               ; Auto               ;
; Resource Aware Inference For Block RAM                           ; On                 ; On                 ;
+------------------------------------------------------------------+--------------------+--------------------+


+------------------------------------------+
; Parallel Compilation                     ;
+----------------------------+-------------+
; Processors                 ; Number      ;
+----------------------------+-------------+
; Number detected on machine ; 8           ;
; Maximum allowed            ; 4           ;
;                            ;             ;
; Average used               ; 1.00        ;
; Maximum used               ; 4           ;
;                            ;             ;
; Usage by Processor         ; % Time Used ;
;     Processor 1            ; 100.0%      ;
;     Processor 2            ;   0.1%      ;
;     Processor 3            ;   0.0%      ;
;     Processor 4            ;   0.0%      ;
+----------------------------+-------------+


+---------------------------------------------------------------------------------------------------------------------------------------+
; Analysis & Synthesis Source Files Read                                                                                                ;
+----------------------------------+-----------------+-----------------+------------------------------------------------------+---------+
; File Name with User-Entered Path ; Used in Netlist ; File Type       ; File Name with Absolute Path                         ; Library ;
+----------------------------------+-----------------+-----------------+------------------------------------------------------+---------+
; subbytes.vhd                     ; yes             ; User VHDL File  ; /home/azeom425/Documents/AES_VHDL/subbytes.vhd       ;         ;
; shiftrows.vhd                    ; yes             ; User VHDL File  ; /home/azeom425/Documents/AES_VHDL/shiftrows.vhd      ;         ;
; mixcolumns.vhd                   ; yes             ; User VHDL File  ; /home/azeom425/Documents/AES_VHDL/mixcolumns.vhd     ;         ;
; controller.vhd                   ; yes             ; User VHDL File  ; /home/azeom425/Documents/AES_VHDL/controller.vhd     ;         ;
; AES_VHDL.vhd                     ; yes             ; User VHDL File  ; /home/azeom425/Documents/AES_VHDL/AES_VHDL.vhd       ;         ;
; addroundkey.vhd                  ; yes             ; User VHDL File  ; /home/azeom425/Documents/AES_VHDL/addroundkey.vhd    ;         ;
; invsubbytes.vhd                  ; yes             ; User VHDL File  ; /home/azeom425/Documents/AES_VHDL/invsubbytes.vhd    ;         ;
; invshiftrows.vhd                 ; yes             ; User VHDL File  ; /home/azeom425/Documents/AES_VHDL/invshiftrows.vhd   ;         ;
; invmixcolumns.vhd                ; yes             ; User VHDL File  ; /home/azeom425/Documents/AES_VHDL/invmixcolumns.vhd  ;         ;
; decryption_aes.vhd               ; yes             ; User VHDL File  ; /home/azeom425/Documents/AES_VHDL/decryption_aes.vhd ;         ;
; keyexpansion.vhd                 ; yes             ; User VHDL File  ; /home/azeom425/Documents/AES_VHDL/keyexpansion.vhd   ;         ;
; sbox.vhd                         ; yes             ; User VHDL File  ; /home/azeom425/Documents/AES_VHDL/sbox.vhd           ;         ;
; clocked_reg.vhd                  ; yes             ; User VHDL File  ; /home/azeom425/Documents/AES_VHDL/clocked_reg.vhd    ;         ;
+----------------------------------+-----------------+-----------------+------------------------------------------------------+---------+


+---------------------------------------------------------------------------------------+
; Analysis & Synthesis Resource Usage Summary                                           ;
+---------------------------------------------+-----------------------------------------+
; Resource                                    ; Usage                                   ;
+---------------------------------------------+-----------------------------------------+
; Estimated Total logic elements              ; 7,991                                   ;
;                                             ;                                         ;
; Total combinational functions               ; 7991                                    ;
; Logic element usage by number of LUT inputs ;                                         ;
;     -- 4 input functions                    ; 7545                                    ;
;     -- 3 input functions                    ; 191                                     ;
;     -- <=2 input functions                  ; 255                                     ;
;                                             ;                                         ;
; Logic elements by mode                      ;                                         ;
;     -- normal mode                          ; 7991                                    ;
;     -- arithmetic mode                      ; 0                                       ;
;                                             ;                                         ;
; Total registers                             ; 264                                     ;
;     -- Dedicated logic registers            ; 264                                     ;
;     -- I/O registers                        ; 0                                       ;
;                                             ;                                         ;
; I/O pins                                    ; 58                                      ;
;                                             ;                                         ;
; Embedded Multiplier 9-bit elements          ; 0                                       ;
;                                             ;                                         ;
; Maximum fan-out node                        ; decryption_aes:decryption_inst|Equal0~0 ;
; Maximum fan-out                             ; 279                                     ;
; Total fan-out                               ; 32360                                   ;
; Average fan-out                             ; 3.87                                    ;
+---------------------------------------------+-----------------------------------------+


+---------------------------------------------------------------------------------------------------------------------------------------------------------------------------------------------------------------------------------------------------------------------------+
; Analysis & Synthesis Resource Utilization by Entity                                                                                                                                                                                                                       ;
+--------------------------------------+---------------------+---------------------------+-------------+--------------+---------+-----------+------+--------------+-------------------------------------------------------------------------+----------------+--------------+
; Compilation Hierarchy Node           ; Combinational ALUTs ; Dedicated Logic Registers ; Memory Bits ; DSP Elements ; DSP 9x9 ; DSP 18x18 ; Pins ; Virtual Pins ; Full Hierarchy Name                                                     ; Entity Name    ; Library Name ;
+--------------------------------------+---------------------+---------------------------+-------------+--------------+---------+-----------+------+--------------+-------------------------------------------------------------------------+----------------+--------------+
; |controller                          ; 7991 (0)            ; 264 (0)                   ; 0           ; 0            ; 0       ; 0         ; 58   ; 0            ; |controller                                                             ; controller     ; work         ;
;    |aes_vhdl:encryption_inst|        ; 3914 (290)          ; 136 (4)                   ; 0           ; 0            ; 0       ; 0         ; 0    ; 0            ; |controller|aes_vhdl:encryption_inst                                    ; aes_vhdl       ; work         ;
;       |addroundkey:add|              ; 128 (128)           ; 0 (0)                     ; 0           ; 0            ; 0       ; 0         ; 0    ; 0            ; |controller|aes_vhdl:encryption_inst|addroundkey:add                    ; addroundkey    ; work         ;
;       |clocked_reg:clocked_reg_inst| ; 5 (5)               ; 132 (132)                 ; 0           ; 0            ; 0       ; 0         ; 0    ; 0            ; |controller|aes_vhdl:encryption_inst|clocked_reg:clocked_reg_inst       ; clocked_reg    ; work         ;
;       |mixcolumns:mix|               ; 161 (161)           ; 0 (0)                     ; 0           ; 0            ; 0       ; 0         ; 0    ; 0            ; |controller|aes_vhdl:encryption_inst|mixcolumns:mix                     ; mixcolumns     ; work         ;
;       |subbytes:sub|                 ; 3330 (3330)         ; 0 (0)                     ; 0           ; 0            ; 0       ; 0         ; 0    ; 0            ; |controller|aes_vhdl:encryption_inst|subbytes:sub                       ; subbytes       ; work         ;
;    |decryption_aes:decryption_inst|  ; 4077 (3088)         ; 128 (0)                   ; 0           ; 0            ; 0       ; 0         ; 0    ; 0            ; |controller|decryption_aes:decryption_inst                              ; decryption_aes ; work         ;
;       |addroundkey:add|              ; 121 (121)           ; 0 (0)                     ; 0           ; 0            ; 0       ; 0         ; 0    ; 0            ; |controller|decryption_aes:decryption_inst|addroundkey:add              ; addroundkey    ; work         ;
;       |clocked_reg:clocked_reg_inst| ; 2 (2)               ; 128 (128)                 ; 0           ; 0            ; 0       ; 0         ; 0    ; 0            ; |controller|decryption_aes:decryption_inst|clocked_reg:clocked_reg_inst ; clocked_reg    ; work         ;
;       |invmixcolumns:mix|            ; 350 (350)           ; 0 (0)                     ; 0           ; 0            ; 0       ; 0         ; 0    ; 0            ; |controller|decryption_aes:decryption_inst|invmixcolumns:mix            ; invmixcolumns  ; work         ;
;       |invsubbytes:sub|              ; 516 (516)           ; 0 (0)                     ; 0           ; 0            ; 0       ; 0         ; 0    ; 0            ; |controller|decryption_aes:decryption_inst|invsubbytes:sub              ; invsubbytes    ; work         ;
+--------------------------------------+---------------------+---------------------------+-------------+--------------+---------+-----------+------+--------------+-------------------------------------------------------------------------+----------------+--------------+
Note: For table entries with two numbers listed, the numbers in parentheses indicate the number of resources of the given type used by the specific entity alone. The numbers listed outside of parentheses indicate the total resources of the given type used by the specific entity and all of its sub-entities in the hierarchy.


+-------------------------------------------------------------------------------------------------------------------------------------------------------+
; Registers Removed During Synthesis                                                                                                                    ;
+------------------------------------------------------------------------+------------------------------------------------------------------------------+
; Register name                                                          ; Reason for Removal                                                           ;
+------------------------------------------------------------------------+------------------------------------------------------------------------------+
; decryption_aes:decryption_inst|round_counter[3]                        ; Merged with aes_vhdl:encryption_inst|round_counter[3]                        ;
; decryption_aes:decryption_inst|round_counter[2]                        ; Merged with aes_vhdl:encryption_inst|round_counter[2]                        ;
; decryption_aes:decryption_inst|round_counter[1]                        ; Merged with aes_vhdl:encryption_inst|round_counter[1]                        ;
; decryption_aes:decryption_inst|round_counter[0]                        ; Merged with aes_vhdl:encryption_inst|round_counter[0]                        ;
; decryption_aes:decryption_inst|clocked_reg:clocked_reg_inst|counter[3] ; Merged with aes_vhdl:encryption_inst|clocked_reg:clocked_reg_inst|counter[3] ;
; decryption_aes:decryption_inst|clocked_reg:clocked_reg_inst|counter[2] ; Merged with aes_vhdl:encryption_inst|clocked_reg:clocked_reg_inst|counter[2] ;
; decryption_aes:decryption_inst|clocked_reg:clocked_reg_inst|counter[1] ; Merged with aes_vhdl:encryption_inst|clocked_reg:clocked_reg_inst|counter[1] ;
; decryption_aes:decryption_inst|clocked_reg:clocked_reg_inst|counter[0] ; Merged with aes_vhdl:encryption_inst|clocked_reg:clocked_reg_inst|counter[0] ;
; Total Number of Removed Registers = 8                                  ;                                                                              ;
+------------------------------------------------------------------------+------------------------------------------------------------------------------+


+------------------------------------------------------+
; General Register Statistics                          ;
+----------------------------------------------+-------+
; Statistic                                    ; Value ;
+----------------------------------------------+-------+
; Total registers                              ; 264   ;
; Number of registers using Synchronous Clear  ; 58    ;
; Number of registers using Synchronous Load   ; 137   ;
; Number of registers using Asynchronous Clear ; 4     ;
; Number of registers using Asynchronous Load  ; 0     ;
; Number of registers using Clock Enable       ; 256   ;
; Number of registers using Preset             ; 0     ;
+----------------------------------------------+-------+


+-------------------------------------------------------------------------------------------------------------------------------------------------------------------------------------------------------+
; Multiplexer Restructuring Statistics (Restructuring Performed)                                                                                                                                        ;
+--------------------+-----------+---------------+----------------------+------------------------+------------+-----------------------------------------------------------------------------------------+
; Multiplexer Inputs ; Bus Width ; Baseline Area ; Area if Restructured ; Saving if Restructured ; Registered ; Example Multiplexer Output                                                              ;
+--------------------+-----------+---------------+----------------------+------------------------+------------+-----------------------------------------------------------------------------------------+
; 3:1                ; 128 bits  ; 256 LEs       ; 256 LEs              ; 0 LEs                  ; Yes        ; |controller|aes_vhdl:encryption_inst|clocked_reg:clocked_reg_inst|state_next[17]        ;
; 17:1               ; 4 bits    ; 44 LEs        ; 44 LEs               ; 0 LEs                  ; Yes        ; |controller|decryption_aes:decryption_inst|clocked_reg:clocked_reg_inst|state_next[0]   ;
; 17:1               ; 3 bits    ; 33 LEs        ; 33 LEs               ; 0 LEs                  ; Yes        ; |controller|decryption_aes:decryption_inst|clocked_reg:clocked_reg_inst|state_next[3]   ;
; 17:1               ; 6 bits    ; 66 LEs        ; 66 LEs               ; 0 LEs                  ; Yes        ; |controller|decryption_aes:decryption_inst|clocked_reg:clocked_reg_inst|state_next[14]  ;
; 17:1               ; 4 bits    ; 44 LEs        ; 44 LEs               ; 0 LEs                  ; Yes        ; |controller|decryption_aes:decryption_inst|clocked_reg:clocked_reg_inst|state_next[17]  ;
; 17:1               ; 3 bits    ; 33 LEs        ; 33 LEs               ; 0 LEs                  ; Yes        ; |controller|decryption_aes:decryption_inst|clocked_reg:clocked_reg_inst|state_next[19]  ;
; 17:1               ; 2 bits    ; 22 LEs        ; 22 LEs               ; 0 LEs                  ; Yes        ; |controller|decryption_aes:decryption_inst|clocked_reg:clocked_reg_inst|state_next[29]  ;
; 17:1               ; 5 bits    ; 55 LEs        ; 55 LEs               ; 0 LEs                  ; Yes        ; |controller|decryption_aes:decryption_inst|clocked_reg:clocked_reg_inst|state_next[28]  ;
; 17:1               ; 5 bits    ; 55 LEs        ; 55 LEs               ; 0 LEs                  ; Yes        ; |controller|decryption_aes:decryption_inst|clocked_reg:clocked_reg_inst|state_next[36]  ;
; 17:1               ; 2 bits    ; 22 LEs        ; 22 LEs               ; 0 LEs                  ; Yes        ; |controller|decryption_aes:decryption_inst|clocked_reg:clocked_reg_inst|state_next[35]  ;
; 17:1               ; 6 bits    ; 66 LEs        ; 66 LEs               ; 0 LEs                  ; Yes        ; |controller|decryption_aes:decryption_inst|clocked_reg:clocked_reg_inst|state_next[107] ;
; 17:1               ; 5 bits    ; 55 LEs        ; 55 LEs               ; 0 LEs                  ; Yes        ; |controller|decryption_aes:decryption_inst|clocked_reg:clocked_reg_inst|state_next[112] ;
; 17:1               ; 2 bits    ; 22 LEs        ; 22 LEs               ; 0 LEs                  ; Yes        ; |controller|decryption_aes:decryption_inst|clocked_reg:clocked_reg_inst|state_next[117] ;
; 17:1               ; 4 bits    ; 44 LEs        ; 44 LEs               ; 0 LEs                  ; Yes        ; |controller|decryption_aes:decryption_inst|clocked_reg:clocked_reg_inst|state_next[124] ;
; 17:1               ; 3 bits    ; 33 LEs        ; 33 LEs               ; 0 LEs                  ; Yes        ; |controller|decryption_aes:decryption_inst|clocked_reg:clocked_reg_inst|state_next[126] ;
; 17:1               ; 3 bits    ; 33 LEs        ; 33 LEs               ; 0 LEs                  ; Yes        ; |controller|decryption_aes:decryption_inst|clocked_reg:clocked_reg_inst|state_next[100] ;
; 17:1               ; 4 bits    ; 44 LEs        ; 44 LEs               ; 0 LEs                  ; Yes        ; |controller|decryption_aes:decryption_inst|clocked_reg:clocked_reg_inst|state_next[97]  ;
; 17:1               ; 2 bits    ; 22 LEs        ; 22 LEs               ; 0 LEs                  ; Yes        ; |controller|decryption_aes:decryption_inst|clocked_reg:clocked_reg_inst|state_next[69]  ;
; 17:1               ; 5 bits    ; 55 LEs        ; 55 LEs               ; 0 LEs                  ; Yes        ; |controller|decryption_aes:decryption_inst|clocked_reg:clocked_reg_inst|state_next[68]  ;
; 17:1               ; 5 bits    ; 55 LEs        ; 55 LEs               ; 0 LEs                  ; Yes        ; |controller|decryption_aes:decryption_inst|clocked_reg:clocked_reg_inst|state_next[84]  ;
; 17:1               ; 2 bits    ; 22 LEs        ; 22 LEs               ; 0 LEs                  ; Yes        ; |controller|decryption_aes:decryption_inst|clocked_reg:clocked_reg_inst|state_next[82]  ;
; 17:1               ; 3 bits    ; 33 LEs        ; 33 LEs               ; 0 LEs                  ; Yes        ; |controller|decryption_aes:decryption_inst|clocked_reg:clocked_reg_inst|state_next[90]  ;
; 17:1               ; 4 bits    ; 44 LEs        ; 44 LEs               ; 0 LEs                  ; Yes        ; |controller|decryption_aes:decryption_inst|clocked_reg:clocked_reg_inst|state_next[93]  ;
; 17:1               ; 4 bits    ; 44 LEs        ; 44 LEs               ; 0 LEs                  ; Yes        ; |controller|decryption_aes:decryption_inst|clocked_reg:clocked_reg_inst|state_next[76]  ;
; 17:1               ; 3 bits    ; 33 LEs        ; 33 LEs               ; 0 LEs                  ; Yes        ; |controller|decryption_aes:decryption_inst|clocked_reg:clocked_reg_inst|state_next[78]  ;
; 17:1               ; 3 bits    ; 33 LEs        ; 33 LEs               ; 0 LEs                  ; Yes        ; |controller|decryption_aes:decryption_inst|clocked_reg:clocked_reg_inst|state_next[43]  ;
; 17:1               ; 4 bits    ; 44 LEs        ; 44 LEs               ; 0 LEs                  ; Yes        ; |controller|decryption_aes:decryption_inst|clocked_reg:clocked_reg_inst|state_next[44]  ;
; 17:1               ; 2 bits    ; 22 LEs        ; 22 LEs               ; 0 LEs                  ; Yes        ; |controller|decryption_aes:decryption_inst|clocked_reg:clocked_reg_inst|state_next[59]  ;
; 17:1               ; 5 bits    ; 55 LEs        ; 55 LEs               ; 0 LEs                  ; Yes        ; |controller|decryption_aes:decryption_inst|clocked_reg:clocked_reg_inst|state_next[60]  ;
; 17:1               ; 4 bits    ; 44 LEs        ; 44 LEs               ; 0 LEs                  ; Yes        ; |controller|decryption_aes:decryption_inst|clocked_reg:clocked_reg_inst|state_next[50]  ;
; 17:1               ; 3 bits    ; 33 LEs        ; 33 LEs               ; 0 LEs                  ; Yes        ; |controller|decryption_aes:decryption_inst|clocked_reg:clocked_reg_inst|state_next[53]  ;
; 16:1               ; 8 bits    ; 80 LEs        ; 80 LEs               ; 0 LEs                  ; No         ; |controller|aes_vhdl:encryption_inst|subbytes:sub|Mux130                                ;
; 16:1               ; 8 bits    ; 80 LEs        ; 80 LEs               ; 0 LEs                  ; No         ; |controller|aes_vhdl:encryption_inst|subbytes:sub|Mux269                                ;
; 16:1               ; 8 bits    ; 80 LEs        ; 80 LEs               ; 0 LEs                  ; No         ; |controller|aes_vhdl:encryption_inst|subbytes:sub|Mux403                                ;
; 16:1               ; 8 bits    ; 80 LEs        ; 80 LEs               ; 0 LEs                  ; No         ; |controller|aes_vhdl:encryption_inst|subbytes:sub|Mux543                                ;
; 16:1               ; 8 bits    ; 80 LEs        ; 80 LEs               ; 0 LEs                  ; No         ; |controller|aes_vhdl:encryption_inst|subbytes:sub|Mux678                                ;
; 16:1               ; 8 bits    ; 80 LEs        ; 80 LEs               ; 0 LEs                  ; No         ; |controller|aes_vhdl:encryption_inst|subbytes:sub|Mux1355                               ;
; 16:1               ; 8 bits    ; 80 LEs        ; 80 LEs               ; 0 LEs                  ; No         ; |controller|aes_vhdl:encryption_inst|subbytes:sub|Mux2033                               ;
; 16:1               ; 8 bits    ; 80 LEs        ; 80 LEs               ; 0 LEs                  ; No         ; |controller|aes_vhdl:encryption_inst|subbytes:sub|Mux1081                               ;
; 16:1               ; 8 bits    ; 80 LEs        ; 80 LEs               ; 0 LEs                  ; No         ; |controller|aes_vhdl:encryption_inst|subbytes:sub|Mux1897                               ;
; 16:1               ; 8 bits    ; 80 LEs        ; 80 LEs               ; 0 LEs                  ; No         ; |controller|aes_vhdl:encryption_inst|subbytes:sub|Mux1218                               ;
; 16:1               ; 8 bits    ; 80 LEs        ; 80 LEs               ; 0 LEs                  ; No         ; |controller|aes_vhdl:encryption_inst|subbytes:sub|Mux950                                ;
; 16:1               ; 8 bits    ; 80 LEs        ; 80 LEs               ; 0 LEs                  ; No         ; |controller|aes_vhdl:encryption_inst|subbytes:sub|Mux1631                               ;
; 16:1               ; 8 bits    ; 80 LEs        ; 80 LEs               ; 0 LEs                  ; No         ; |controller|aes_vhdl:encryption_inst|subbytes:sub|Mux1764                               ;
; 16:1               ; 8 bits    ; 80 LEs        ; 80 LEs               ; 0 LEs                  ; No         ; |controller|aes_vhdl:encryption_inst|subbytes:sub|Mux809                                ;
; 16:1               ; 8 bits    ; 80 LEs        ; 80 LEs               ; 0 LEs                  ; No         ; |controller|aes_vhdl:encryption_inst|subbytes:sub|Mux2169                               ;
; 16:1               ; 8 bits    ; 80 LEs        ; 80 LEs               ; 0 LEs                  ; No         ; |controller|aes_vhdl:encryption_inst|subbytes:sub|Mux1489                               ;
+--------------------+-----------+---------------+----------------------+------------------------+------------+-----------------------------------------------------------------------------------------+


+--------------------------------------------------------------------------------------------------------------------------------+
; Port Connectivity Checks: "decryption_aes:decryption_inst"                                                                     ;
+----------------------+--------+----------+-------------------------------------------------------------------------------------+
; Port                 ; Type   ; Severity ; Details                                                                             ;
+----------------------+--------+----------+-------------------------------------------------------------------------------------+
; key[121..120]        ; Input  ; Info     ; Stuck at VCC                                                                        ;
; key[118..113]        ; Input  ; Info     ; Stuck at VCC                                                                        ;
; key[98..97]          ; Input  ; Info     ; Stuck at VCC                                                                        ;
; key[83..81]          ; Input  ; Info     ; Stuck at VCC                                                                        ;
; key[79..78]          ; Input  ; Info     ; Stuck at VCC                                                                        ;
; key[66..65]          ; Input  ; Info     ; Stuck at VCC                                                                        ;
; key[57..52]          ; Input  ; Info     ; Stuck at VCC                                                                        ;
; key[50..48]          ; Input  ; Info     ; Stuck at VCC                                                                        ;
; key[40..39]          ; Input  ; Info     ; Stuck at VCC                                                                        ;
; key[24..22]          ; Input  ; Info     ; Stuck at VCC                                                                        ;
; key[19..16]          ; Input  ; Info     ; Stuck at VCC                                                                        ;
; key[11..8]           ; Input  ; Info     ; Stuck at VCC                                                                        ;
; key[5..2]            ; Input  ; Info     ; Stuck at VCC                                                                        ;
; key[127..126]        ; Input  ; Info     ; Stuck at GND                                                                        ;
; key[112..109]        ; Input  ; Info     ; Stuck at GND                                                                        ;
; key[103..101]        ; Input  ; Info     ; Stuck at GND                                                                        ;
; key[96..94]          ; Input  ; Info     ; Stuck at GND                                                                        ;
; key[90..88]          ; Input  ; Info     ; Stuck at GND                                                                        ;
; key[75..74]          ; Input  ; Info     ; Stuck at GND                                                                        ;
; key[68..67]          ; Input  ; Info     ; Stuck at GND                                                                        ;
; key[47..45]          ; Input  ; Info     ; Stuck at GND                                                                        ;
; key[38..36]          ; Input  ; Info     ; Stuck at GND                                                                        ;
; key[34..28]          ; Input  ; Info     ; Stuck at GND                                                                        ;
; key[26..25]          ; Input  ; Info     ; Stuck at GND                                                                        ;
; key[21..20]          ; Input  ; Info     ; Stuck at GND                                                                        ;
; key[13..12]          ; Input  ; Info     ; Stuck at GND                                                                        ;
; key[7..6]            ; Input  ; Info     ; Stuck at GND                                                                        ;
; key[1..0]            ; Input  ; Info     ; Stuck at GND                                                                        ;
; key[125]             ; Input  ; Info     ; Stuck at VCC                                                                        ;
; key[124]             ; Input  ; Info     ; Stuck at GND                                                                        ;
; key[123]             ; Input  ; Info     ; Stuck at VCC                                                                        ;
; key[122]             ; Input  ; Info     ; Stuck at GND                                                                        ;
; key[119]             ; Input  ; Info     ; Stuck at GND                                                                        ;
; key[108]             ; Input  ; Info     ; Stuck at VCC                                                                        ;
; key[107]             ; Input  ; Info     ; Stuck at GND                                                                        ;
; key[106]             ; Input  ; Info     ; Stuck at VCC                                                                        ;
; key[105]             ; Input  ; Info     ; Stuck at GND                                                                        ;
; key[104]             ; Input  ; Info     ; Stuck at VCC                                                                        ;
; key[100]             ; Input  ; Info     ; Stuck at VCC                                                                        ;
; key[99]              ; Input  ; Info     ; Stuck at GND                                                                        ;
; key[93]              ; Input  ; Info     ; Stuck at VCC                                                                        ;
; key[92]              ; Input  ; Info     ; Stuck at GND                                                                        ;
; key[91]              ; Input  ; Info     ; Stuck at VCC                                                                        ;
; key[87]              ; Input  ; Info     ; Stuck at VCC                                                                        ;
; key[86]              ; Input  ; Info     ; Stuck at GND                                                                        ;
; key[85]              ; Input  ; Info     ; Stuck at VCC                                                                        ;
; key[84]              ; Input  ; Info     ; Stuck at GND                                                                        ;
; key[80]              ; Input  ; Info     ; Stuck at GND                                                                        ;
; key[77]              ; Input  ; Info     ; Stuck at GND                                                                        ;
; key[76]              ; Input  ; Info     ; Stuck at VCC                                                                        ;
; key[73]              ; Input  ; Info     ; Stuck at VCC                                                                        ;
; key[72]              ; Input  ; Info     ; Stuck at GND                                                                        ;
; key[71]              ; Input  ; Info     ; Stuck at VCC                                                                        ;
; key[70]              ; Input  ; Info     ; Stuck at GND                                                                        ;
; key[69]              ; Input  ; Info     ; Stuck at VCC                                                                        ;
; key[64]              ; Input  ; Info     ; Stuck at GND                                                                        ;
; key[63]              ; Input  ; Info     ; Stuck at VCC                                                                        ;
; key[62]              ; Input  ; Info     ; Stuck at GND                                                                        ;
; key[61]              ; Input  ; Info     ; Stuck at VCC                                                                        ;
; key[60]              ; Input  ; Info     ; Stuck at GND                                                                        ;
; key[59]              ; Input  ; Info     ; Stuck at VCC                                                                        ;
; key[58]              ; Input  ; Info     ; Stuck at GND                                                                        ;
; key[51]              ; Input  ; Info     ; Stuck at GND                                                                        ;
; key[44]              ; Input  ; Info     ; Stuck at VCC                                                                        ;
; key[43]              ; Input  ; Info     ; Stuck at GND                                                                        ;
; key[42]              ; Input  ; Info     ; Stuck at VCC                                                                        ;
; key[41]              ; Input  ; Info     ; Stuck at GND                                                                        ;
; key[35]              ; Input  ; Info     ; Stuck at VCC                                                                        ;
; key[27]              ; Input  ; Info     ; Stuck at VCC                                                                        ;
; key[15]              ; Input  ; Info     ; Stuck at GND                                                                        ;
; key[14]              ; Input  ; Info     ; Stuck at VCC                                                                        ;
; ciphertext[125..123] ; Input  ; Info     ; Stuck at VCC                                                                        ;
; ciphertext[119..118] ; Input  ; Info     ; Stuck at VCC                                                                        ;
; ciphertext[114..112] ; Input  ; Info     ; Stuck at VCC                                                                        ;
; ciphertext[110..107] ; Input  ; Info     ; Stuck at VCC                                                                        ;
; ciphertext[105..103] ; Input  ; Info     ; Stuck at VCC                                                                        ;
; ciphertext[101..100] ; Input  ; Info     ; Stuck at VCC                                                                        ;
; ciphertext[91..90]   ; Input  ; Info     ; Stuck at VCC                                                                        ;
; ciphertext[86..83]   ; Input  ; Info     ; Stuck at VCC                                                                        ;
; ciphertext[77..76]   ; Input  ; Info     ; Stuck at VCC                                                                        ;
; ciphertext[74..73]   ; Input  ; Info     ; Stuck at VCC                                                                        ;
; ciphertext[70..69]   ; Input  ; Info     ; Stuck at VCC                                                                        ;
; ciphertext[52..49]   ; Input  ; Info     ; Stuck at VCC                                                                        ;
; ciphertext[47..46]   ; Input  ; Info     ; Stuck at VCC                                                                        ;
; ciphertext[39..36]   ; Input  ; Info     ; Stuck at VCC                                                                        ;
; ciphertext[33..32]   ; Input  ; Info     ; Stuck at VCC                                                                        ;
; ciphertext[22..21]   ; Input  ; Info     ; Stuck at VCC                                                                        ;
; ciphertext[18..17]   ; Input  ; Info     ; Stuck at VCC                                                                        ;
; ciphertext[15..13]   ; Input  ; Info     ; Stuck at VCC                                                                        ;
; ciphertext[11..7]    ; Input  ; Info     ; Stuck at VCC                                                                        ;
; ciphertext[2..0]     ; Input  ; Info     ; Stuck at VCC                                                                        ;
; ciphertext[127..126] ; Input  ; Info     ; Stuck at GND                                                                        ;
; ciphertext[97..92]   ; Input  ; Info     ; Stuck at GND                                                                        ;
; ciphertext[80..78]   ; Input  ; Info     ; Stuck at GND                                                                        ;
; ciphertext[72..71]   ; Input  ; Info     ; Stuck at GND                                                                        ;
; ciphertext[68..64]   ; Input  ; Info     ; Stuck at GND                                                                        ;
; ciphertext[58..56]   ; Input  ; Info     ; Stuck at GND                                                                        ;
; ciphertext[54..53]   ; Input  ; Info     ; Stuck at GND                                                                        ;
; ciphertext[45..44]   ; Input  ; Info     ; Stuck at GND                                                                        ;
; ciphertext[35..34]   ; Input  ; Info     ; Stuck at GND                                                                        ;
; ciphertext[31..30]   ; Input  ; Info     ; Stuck at GND                                                                        ;
; ciphertext[28..27]   ; Input  ; Info     ; Stuck at GND                                                                        ;
; ciphertext[25..23]   ; Input  ; Info     ; Stuck at GND                                                                        ;
; ciphertext[20..19]   ; Input  ; Info     ; Stuck at GND                                                                        ;
; ciphertext[6..5]     ; Input  ; Info     ; Stuck at GND                                                                        ;
; ciphertext[122]      ; Input  ; Info     ; Stuck at GND                                                                        ;
; ciphertext[121]      ; Input  ; Info     ; Stuck at VCC                                                                        ;
; ciphertext[120]      ; Input  ; Info     ; Stuck at GND                                                                        ;
; ciphertext[117]      ; Input  ; Info     ; Stuck at GND                                                                        ;
; ciphertext[116]      ; Input  ; Info     ; Stuck at VCC                                                                        ;
; ciphertext[115]      ; Input  ; Info     ; Stuck at GND                                                                        ;
; ciphertext[111]      ; Input  ; Info     ; Stuck at GND                                                                        ;
; ciphertext[106]      ; Input  ; Info     ; Stuck at GND                                                                        ;
; ciphertext[102]      ; Input  ; Info     ; Stuck at GND                                                                        ;
; ciphertext[99]       ; Input  ; Info     ; Stuck at GND                                                                        ;
; ciphertext[98]       ; Input  ; Info     ; Stuck at VCC                                                                        ;
; ciphertext[89]       ; Input  ; Info     ; Stuck at GND                                                                        ;
; ciphertext[88]       ; Input  ; Info     ; Stuck at VCC                                                                        ;
; ciphertext[87]       ; Input  ; Info     ; Stuck at GND                                                                        ;
; ciphertext[82]       ; Input  ; Info     ; Stuck at GND                                                                        ;
; ciphertext[81]       ; Input  ; Info     ; Stuck at VCC                                                                        ;
; ciphertext[75]       ; Input  ; Info     ; Stuck at GND                                                                        ;
; ciphertext[63]       ; Input  ; Info     ; Stuck at VCC                                                                        ;
; ciphertext[62]       ; Input  ; Info     ; Stuck at GND                                                                        ;
; ciphertext[61]       ; Input  ; Info     ; Stuck at VCC                                                                        ;
; ciphertext[60]       ; Input  ; Info     ; Stuck at GND                                                                        ;
; ciphertext[59]       ; Input  ; Info     ; Stuck at VCC                                                                        ;
; ciphertext[55]       ; Input  ; Info     ; Stuck at VCC                                                                        ;
; ciphertext[48]       ; Input  ; Info     ; Stuck at GND                                                                        ;
; ciphertext[43]       ; Input  ; Info     ; Stuck at VCC                                                                        ;
; ciphertext[42]       ; Input  ; Info     ; Stuck at GND                                                                        ;
; ciphertext[41]       ; Input  ; Info     ; Stuck at VCC                                                                        ;
; ciphertext[40]       ; Input  ; Info     ; Stuck at GND                                                                        ;
; ciphertext[29]       ; Input  ; Info     ; Stuck at VCC                                                                        ;
; ciphertext[26]       ; Input  ; Info     ; Stuck at VCC                                                                        ;
; ciphertext[16]       ; Input  ; Info     ; Stuck at GND                                                                        ;
; ciphertext[12]       ; Input  ; Info     ; Stuck at GND                                                                        ;
; ciphertext[4]        ; Input  ; Info     ; Stuck at VCC                                                                        ;
; ciphertext[3]        ; Input  ; Info     ; Stuck at GND                                                                        ;
; plaintext[127..33]   ; Output ; Info     ; Connected to dangling logic. Logic that only feeds a dangling port will be removed. ;
; done_port            ; Output ; Info     ; Connected to dangling logic. Logic that only feeds a dangling port will be removed. ;
+----------------------+--------+----------+-------------------------------------------------------------------------------------+


+-------------------------------------------------------------------------------------------------------------------------------+
; Port Connectivity Checks: "aes_vhdl:encryption_inst"                                                                          ;
+---------------------+--------+----------+-------------------------------------------------------------------------------------+
; Port                ; Type   ; Severity ; Details                                                                             ;
+---------------------+--------+----------+-------------------------------------------------------------------------------------+
; key[121..120]       ; Input  ; Info     ; Stuck at VCC                                                                        ;
; key[118..113]       ; Input  ; Info     ; Stuck at VCC                                                                        ;
; key[98..97]         ; Input  ; Info     ; Stuck at VCC                                                                        ;
; key[83..81]         ; Input  ; Info     ; Stuck at VCC                                                                        ;
; key[79..78]         ; Input  ; Info     ; Stuck at VCC                                                                        ;
; key[66..65]         ; Input  ; Info     ; Stuck at VCC                                                                        ;
; key[57..52]         ; Input  ; Info     ; Stuck at VCC                                                                        ;
; key[50..48]         ; Input  ; Info     ; Stuck at VCC                                                                        ;
; key[40..39]         ; Input  ; Info     ; Stuck at VCC                                                                        ;
; key[24..22]         ; Input  ; Info     ; Stuck at VCC                                                                        ;
; key[19..16]         ; Input  ; Info     ; Stuck at VCC                                                                        ;
; key[11..8]          ; Input  ; Info     ; Stuck at VCC                                                                        ;
; key[5..2]           ; Input  ; Info     ; Stuck at VCC                                                                        ;
; key[127..126]       ; Input  ; Info     ; Stuck at GND                                                                        ;
; key[112..109]       ; Input  ; Info     ; Stuck at GND                                                                        ;
; key[103..101]       ; Input  ; Info     ; Stuck at GND                                                                        ;
; key[96..94]         ; Input  ; Info     ; Stuck at GND                                                                        ;
; key[90..88]         ; Input  ; Info     ; Stuck at GND                                                                        ;
; key[75..74]         ; Input  ; Info     ; Stuck at GND                                                                        ;
; key[68..67]         ; Input  ; Info     ; Stuck at GND                                                                        ;
; key[47..45]         ; Input  ; Info     ; Stuck at GND                                                                        ;
; key[38..36]         ; Input  ; Info     ; Stuck at GND                                                                        ;
; key[34..28]         ; Input  ; Info     ; Stuck at GND                                                                        ;
; key[26..25]         ; Input  ; Info     ; Stuck at GND                                                                        ;
; key[21..20]         ; Input  ; Info     ; Stuck at GND                                                                        ;
; key[13..12]         ; Input  ; Info     ; Stuck at GND                                                                        ;
; key[7..6]           ; Input  ; Info     ; Stuck at GND                                                                        ;
; key[1..0]           ; Input  ; Info     ; Stuck at GND                                                                        ;
; key[125]            ; Input  ; Info     ; Stuck at VCC                                                                        ;
; key[124]            ; Input  ; Info     ; Stuck at GND                                                                        ;
; key[123]            ; Input  ; Info     ; Stuck at VCC                                                                        ;
; key[122]            ; Input  ; Info     ; Stuck at GND                                                                        ;
; key[119]            ; Input  ; Info     ; Stuck at GND                                                                        ;
; key[108]            ; Input  ; Info     ; Stuck at VCC                                                                        ;
; key[107]            ; Input  ; Info     ; Stuck at GND                                                                        ;
; key[106]            ; Input  ; Info     ; Stuck at VCC                                                                        ;
; key[105]            ; Input  ; Info     ; Stuck at GND                                                                        ;
; key[104]            ; Input  ; Info     ; Stuck at VCC                                                                        ;
; key[100]            ; Input  ; Info     ; Stuck at VCC                                                                        ;
; key[99]             ; Input  ; Info     ; Stuck at GND                                                                        ;
; key[93]             ; Input  ; Info     ; Stuck at VCC                                                                        ;
; key[92]             ; Input  ; Info     ; Stuck at GND                                                                        ;
; key[91]             ; Input  ; Info     ; Stuck at VCC                                                                        ;
; key[87]             ; Input  ; Info     ; Stuck at VCC                                                                        ;
; key[86]             ; Input  ; Info     ; Stuck at GND                                                                        ;
; key[85]             ; Input  ; Info     ; Stuck at VCC                                                                        ;
; key[84]             ; Input  ; Info     ; Stuck at GND                                                                        ;
; key[80]             ; Input  ; Info     ; Stuck at GND                                                                        ;
; key[77]             ; Input  ; Info     ; Stuck at GND                                                                        ;
; key[76]             ; Input  ; Info     ; Stuck at VCC                                                                        ;
; key[73]             ; Input  ; Info     ; Stuck at VCC                                                                        ;
; key[72]             ; Input  ; Info     ; Stuck at GND                                                                        ;
; key[71]             ; Input  ; Info     ; Stuck at VCC                                                                        ;
; key[70]             ; Input  ; Info     ; Stuck at GND                                                                        ;
; key[69]             ; Input  ; Info     ; Stuck at VCC                                                                        ;
; key[64]             ; Input  ; Info     ; Stuck at GND                                                                        ;
; key[63]             ; Input  ; Info     ; Stuck at VCC                                                                        ;
; key[62]             ; Input  ; Info     ; Stuck at GND                                                                        ;
; key[61]             ; Input  ; Info     ; Stuck at VCC                                                                        ;
; key[60]             ; Input  ; Info     ; Stuck at GND                                                                        ;
; key[59]             ; Input  ; Info     ; Stuck at VCC                                                                        ;
; key[58]             ; Input  ; Info     ; Stuck at GND                                                                        ;
; key[51]             ; Input  ; Info     ; Stuck at GND                                                                        ;
; key[44]             ; Input  ; Info     ; Stuck at VCC                                                                        ;
; key[43]             ; Input  ; Info     ; Stuck at GND                                                                        ;
; key[42]             ; Input  ; Info     ; Stuck at VCC                                                                        ;
; key[41]             ; Input  ; Info     ; Stuck at GND                                                                        ;
; key[35]             ; Input  ; Info     ; Stuck at VCC                                                                        ;
; key[27]             ; Input  ; Info     ; Stuck at VCC                                                                        ;
; key[15]             ; Input  ; Info     ; Stuck at GND                                                                        ;
; key[14]             ; Input  ; Info     ; Stuck at VCC                                                                        ;
; plaintext[126..125] ; Input  ; Info     ; Stuck at VCC                                                                        ;
; plaintext[121..118] ; Input  ; Info     ; Stuck at VCC                                                                        ;
; plaintext[112..111] ; Input  ; Info     ; Stuck at VCC                                                                        ;
; plaintext[109..105] ; Input  ; Info     ; Stuck at VCC                                                                        ;
; plaintext[103..101] ; Input  ; Info     ; Stuck at VCC                                                                        ;
; plaintext[91..89]   ; Input  ; Info     ; Stuck at VCC                                                                        ;
; plaintext[76..71]   ; Input  ; Info     ; Stuck at VCC                                                                        ;
; plaintext[66..65]   ; Input  ; Info     ; Stuck at VCC                                                                        ;
; plaintext[63..61]   ; Input  ; Info     ; Stuck at VCC                                                                        ;
; plaintext[53..50]   ; Input  ; Info     ; Stuck at VCC                                                                        ;
; plaintext[46..41]   ; Input  ; Info     ; Stuck at VCC                                                                        ;
; plaintext[30..28]   ; Input  ; Info     ; Stuck at VCC                                                                        ;
; plaintext[25..23]   ; Input  ; Info     ; Stuck at VCC                                                                        ;
; plaintext[17..16]   ; Input  ; Info     ; Stuck at VCC                                                                        ;
; plaintext[10..8]    ; Input  ; Info     ; Stuck at VCC                                                                        ;
; plaintext[117..113] ; Input  ; Info     ; Stuck at GND                                                                        ;
; plaintext[100..98]  ; Input  ; Info     ; Stuck at GND                                                                        ;
; plaintext[96..94]   ; Input  ; Info     ; Stuck at GND                                                                        ;
; plaintext[88..87]   ; Input  ; Info     ; Stuck at GND                                                                        ;
; plaintext[85..80]   ; Input  ; Info     ; Stuck at GND                                                                        ;
; plaintext[78..77]   ; Input  ; Info     ; Stuck at GND                                                                        ;
; plaintext[70..69]   ; Input  ; Info     ; Stuck at GND                                                                        ;
; plaintext[58..57]   ; Input  ; Info     ; Stuck at GND                                                                        ;
; plaintext[55..54]   ; Input  ; Info     ; Stuck at GND                                                                        ;
; plaintext[40..37]   ; Input  ; Info     ; Stuck at GND                                                                        ;
; plaintext[35..33]   ; Input  ; Info     ; Stuck at GND                                                                        ;
; plaintext[27..26]   ; Input  ; Info     ; Stuck at GND                                                                        ;
; plaintext[22..21]   ; Input  ; Info     ; Stuck at GND                                                                        ;
; plaintext[19..18]   ; Input  ; Info     ; Stuck at GND                                                                        ;
; plaintext[15..13]   ; Input  ; Info     ; Stuck at GND                                                                        ;
; plaintext[7..6]     ; Input  ; Info     ; Stuck at GND                                                                        ;
; plaintext[127]      ; Input  ; Info     ; Stuck at GND                                                                        ;
; plaintext[124]      ; Input  ; Info     ; Stuck at GND                                                                        ;
; plaintext[123]      ; Input  ; Info     ; Stuck at VCC                                                                        ;
; plaintext[122]      ; Input  ; Info     ; Stuck at GND                                                                        ;
; plaintext[110]      ; Input  ; Info     ; Stuck at GND                                                                        ;
; plaintext[104]      ; Input  ; Info     ; Stuck at GND                                                                        ;
; plaintext[97]       ; Input  ; Info     ; Stuck at VCC                                                                        ;
; plaintext[93]       ; Input  ; Info     ; Stuck at VCC                                                                        ;
; plaintext[92]       ; Input  ; Info     ; Stuck at GND                                                                        ;
; plaintext[86]       ; Input  ; Info     ; Stuck at VCC                                                                        ;
; plaintext[79]       ; Input  ; Info     ; Stuck at VCC                                                                        ;
; plaintext[68]       ; Input  ; Info     ; Stuck at VCC                                                                        ;
; plaintext[67]       ; Input  ; Info     ; Stuck at GND                                                                        ;
; plaintext[64]       ; Input  ; Info     ; Stuck at GND                                                                        ;
; plaintext[60]       ; Input  ; Info     ; Stuck at GND                                                                        ;
; plaintext[59]       ; Input  ; Info     ; Stuck at VCC                                                                        ;
; plaintext[56]       ; Input  ; Info     ; Stuck at VCC                                                                        ;
; plaintext[49]       ; Input  ; Info     ; Stuck at GND                                                                        ;
; plaintext[48]       ; Input  ; Info     ; Stuck at VCC                                                                        ;
; plaintext[47]       ; Input  ; Info     ; Stuck at GND                                                                        ;
; plaintext[36]       ; Input  ; Info     ; Stuck at VCC                                                                        ;
; plaintext[32]       ; Input  ; Info     ; Stuck at VCC                                                                        ;
; plaintext[31]       ; Input  ; Info     ; Stuck at GND                                                                        ;
; plaintext[20]       ; Input  ; Info     ; Stuck at VCC                                                                        ;
; plaintext[12]       ; Input  ; Info     ; Stuck at VCC                                                                        ;
; plaintext[11]       ; Input  ; Info     ; Stuck at GND                                                                        ;
; plaintext[5]        ; Input  ; Info     ; Stuck at VCC                                                                        ;
; plaintext[4]        ; Input  ; Info     ; Stuck at GND                                                                        ;
; plaintext[3]        ; Input  ; Info     ; Stuck at VCC                                                                        ;
; plaintext[2]        ; Input  ; Info     ; Stuck at GND                                                                        ;
; plaintext[1]        ; Input  ; Info     ; Stuck at VCC                                                                        ;
; plaintext[0]        ; Input  ; Info     ; Stuck at GND                                                                        ;
; ciphertext[127..23] ; Output ; Info     ; Connected to dangling logic. Logic that only feeds a dangling port will be removed. ;
; done_port           ; Output ; Info     ; Connected to dangling logic. Logic that only feeds a dangling port will be removed. ;
+---------------------+--------+----------+-------------------------------------------------------------------------------------+


+-----------------------------------------------------+
; Post-Synthesis Netlist Statistics for Top Partition ;
+-----------------------+-----------------------------+
; Type                  ; Count                       ;
+-----------------------+-----------------------------+
; boundary_port         ; 58                          ;
; cycloneiii_ff         ; 264                         ;
;     CLR               ; 4                           ;
;     ENA               ; 61                          ;
;     ENA SCLR          ; 58                          ;
;     ENA SLD           ; 137                         ;
;     plain             ; 4                           ;
; cycloneiii_lcell_comb ; 7991                        ;
;     normal            ; 7991                        ;
;         2 data inputs ; 255                         ;
;         3 data inputs ; 191                         ;
;         4 data inputs ; 7545                        ;
;                       ;                             ;
; Max LUT depth         ; 11.00                       ;
; Average LUT depth     ; 9.30                        ;
+-----------------------+-----------------------------+


+-------------------------------+
; Elapsed Time Per Partition    ;
+----------------+--------------+
; Partition Name ; Elapsed Time ;
+----------------+--------------+
; Top            ; 00:00:57     ;
+----------------+--------------+


+-------------------------------+
; Analysis & Synthesis Messages ;
+-------------------------------+
Info: *******************************************************************
Info: Running Quartus Prime Analysis & Synthesis
    Info: Version 23.1std.0 Build 991 11/28/2023 Patches 0.02std SC Standard Edition
    Info: Processing started: Tue May 13 16:08:02 2025
Info: Command: quartus_map --read_settings_files=on --write_settings_files=off AES_VHDL -c AES_VHDL
Warning (18236): Number of processors has not been specified which may cause overloading on shared machines.  Set the global assignment NUM_PARALLEL_PROCESSORS in your QSF to an appropriate value for best performance.
Info (20030): Parallel compilation is enabled and will use 4 of the 4 processors detected
Info (12021): Found 2 design units, including 1 entities, in source file subbytes.vhd
    Info (12022): Found design unit 1: subbytes-rtl File: /home/azeom425/Documents/AES_VHDL/subbytes.vhd Line: 14
    Info (12023): Found entity 1: subbytes File: /home/azeom425/Documents/AES_VHDL/subbytes.vhd Line: 7
Info (12021): Found 2 design units, including 1 entities, in source file shiftrows.vhd
    Info (12022): Found design unit 1: shiftrows-rtl File: /home/azeom425/Documents/AES_VHDL/shiftrows.vhd Line: 11
    Info (12023): Found entity 1: shiftrows File: /home/azeom425/Documents/AES_VHDL/shiftrows.vhd Line: 4
Info (12021): Found 2 design units, including 1 entities, in source file mixcolumns.vhd
    Info (12022): Found design unit 1: mixcolumns-rtl File: /home/azeom425/Documents/AES_VHDL/mixcolumns.vhd Line: 12
    Info (12023): Found entity 1: mixcolumns File: /home/azeom425/Documents/AES_VHDL/mixcolumns.vhd Line: 5
Info (12021): Found 2 design units, including 1 entities, in source file controller.vhd
    Info (12022): Found design unit 1: controller-rtl File: /home/azeom425/Documents/AES_VHDL/controller.vhd Line: 16
    Info (12023): Found entity 1: controller File: /home/azeom425/Documents/AES_VHDL/controller.vhd Line: 5
Info (12021): Found 2 design units, including 1 entities, in source file AES_VHDL.vhd
    Info (12022): Found design unit 1: aes_vhdl-rtl File: /home/azeom425/Documents/AES_VHDL/AES_VHDL.vhd Line: 17
    Info (12023): Found entity 1: aes_vhdl File: /home/azeom425/Documents/AES_VHDL/AES_VHDL.vhd Line: 6
Info (12021): Found 2 design units, including 1 entities, in source file AES_round.vhd
    Info (12022): Found design unit 1: AES_Round-Behavioral File: /home/azeom425/Documents/AES_VHDL/AES_round.vhd Line: 13
    Info (12023): Found entity 1: AES_Round File: /home/azeom425/Documents/AES_VHDL/AES_round.vhd Line: 5
Info (12021): Found 2 design units, including 1 entities, in source file AES_lastround.vhd
    Info (12022): Found design unit 1: AES_lastround-Behavioral File: /home/azeom425/Documents/AES_VHDL/AES_lastround.vhd Line: 13
    Info (12023): Found entity 1: AES_lastround File: /home/azeom425/Documents/AES_VHDL/AES_lastround.vhd Line: 5
Info (12021): Found 2 design units, including 1 entities, in source file addroundkey.vhd
    Info (12022): Found design unit 1: addroundkey-rtl File: /home/azeom425/Documents/AES_VHDL/addroundkey.vhd Line: 13
    Info (12023): Found entity 1: addroundkey File: /home/azeom425/Documents/AES_VHDL/addroundkey.vhd Line: 5
Info (12021): Found 2 design units, including 1 entities, in source file invsubbytes.vhd
    Info (12022): Found design unit 1: invsubbytes-rtl File: /home/azeom425/Documents/AES_VHDL/invsubbytes.vhd Line: 14
    Info (12023): Found entity 1: invsubbytes File: /home/azeom425/Documents/AES_VHDL/invsubbytes.vhd Line: 7
Info (12021): Found 2 design units, including 1 entities, in source file invshiftrows.vhd
    Info (12022): Found design unit 1: invshiftrows-rtl File: /home/azeom425/Documents/AES_VHDL/invshiftrows.vhd Line: 11
    Info (12023): Found entity 1: invshiftrows File: /home/azeom425/Documents/AES_VHDL/invshiftrows.vhd Line: 4
Info (12021): Found 2 design units, including 1 entities, in source file invmixcolumns.vhd
    Info (12022): Found design unit 1: invmixcolumns-rtl File: /home/azeom425/Documents/AES_VHDL/invmixcolumns.vhd Line: 12
    Info (12023): Found entity 1: invmixcolumns File: /home/azeom425/Documents/AES_VHDL/invmixcolumns.vhd Line: 5
Info (12021): Found 2 design units, including 1 entities, in source file decryption_aes.vhd
    Info (12022): Found design unit 1: decryption_aes-rtl File: /home/azeom425/Documents/AES_VHDL/decryption_aes.vhd Line: 17
    Info (12023): Found entity 1: decryption_aes File: /home/azeom425/Documents/AES_VHDL/decryption_aes.vhd Line: 6
Info (12021): Found 2 design units, including 1 entities, in source file keyexpansion.vhd
    Info (12022): Found design unit 1: keyexpansion-rtl File: /home/azeom425/Documents/AES_VHDL/keyexpansion.vhd Line: 14
    Info (12023): Found entity 1: keyexpansion File: /home/azeom425/Documents/AES_VHDL/keyexpansion.vhd Line: 7
Info (12021): Found 1 design units, including 0 entities, in source file sbox.vhd
    Info (12022): Found design unit 1: aes File: /home/azeom425/Documents/AES_VHDL/sbox.vhd Line: 5
Info (12021): Found 2 design units, including 1 entities, in source file clocked_reg.vhd
    Info (12022): Found design unit 1: clocked_reg-rtl File: /home/azeom425/Documents/AES_VHDL/clocked_reg.vhd Line: 14
    Info (12023): Found entity 1: clocked_reg File: /home/azeom425/Documents/AES_VHDL/clocked_reg.vhd Line: 5
Info (12127): Elaborating entity "controller" for the top level hierarchy
Warning (10540): VHDL Signal Declaration warning at controller.vhd(40): used explicit default value for signal "key" because signal was never assigned a value File: /home/azeom425/Documents/AES_VHDL/controller.vhd Line: 40
Warning (10540): VHDL Signal Declaration warning at controller.vhd(41): used explicit default value for signal "plaintext" because signal was never assigned a value File: /home/azeom425/Documents/AES_VHDL/controller.vhd Line: 41
Warning (10036): Verilog HDL or VHDL warning at controller.vhd(43): object "done_port" assigned a value but never read File: /home/azeom425/Documents/AES_VHDL/controller.vhd Line: 43
Warning (10540): VHDL Signal Declaration warning at controller.vhd(45): used explicit default value for signal "cipher_decrypt" because signal was never assigned a value File: /home/azeom425/Documents/AES_VHDL/controller.vhd Line: 45
Info (12128): Elaborating entity "aes_vhdl" for hierarchy "aes_vhdl:encryption_inst" File: /home/azeom425/Documents/AES_VHDL/controller.vhd Line: 51
Warning (10036): Verilog HDL or VHDL warning at AES_VHDL.vhd(78): object "done" assigned a value but never read File: /home/azeom425/Documents/AES_VHDL/AES_VHDL.vhd Line: 78
Info (10041): Inferred latch for "done_port" at AES_VHDL.vhd(153) File: /home/azeom425/Documents/AES_VHDL/AES_VHDL.vhd Line: 153
Info (12128): Elaborating entity "keyexpansion" for hierarchy "aes_vhdl:encryption_inst|keyexpansion:keyexpansion_inst" File: /home/azeom425/Documents/AES_VHDL/AES_VHDL.vhd Line: 82
Info (12128): Elaborating entity "clocked_reg" for hierarchy "aes_vhdl:encryption_inst|clocked_reg:clocked_reg_inst" File: /home/azeom425/Documents/AES_VHDL/AES_VHDL.vhd Line: 119
Info (12128): Elaborating entity "addroundkey" for hierarchy "aes_vhdl:encryption_inst|addroundkey:add" File: /home/azeom425/Documents/AES_VHDL/AES_VHDL.vhd Line: 126
Info (12128): Elaborating entity "subbytes" for hierarchy "aes_vhdl:encryption_inst|subbytes:sub" File: /home/azeom425/Documents/AES_VHDL/AES_VHDL.vhd Line: 133
Info (12128): Elaborating entity "shiftrows" for hierarchy "aes_vhdl:encryption_inst|shiftrows:shift" File: /home/azeom425/Documents/AES_VHDL/AES_VHDL.vhd Line: 139
Info (12128): Elaborating entity "mixcolumns" for hierarchy "aes_vhdl:encryption_inst|mixcolumns:mix" File: /home/azeom425/Documents/AES_VHDL/AES_VHDL.vhd Line: 145
Info (12128): Elaborating entity "decryption_aes" for hierarchy "decryption_aes:decryption_inst" File: /home/azeom425/Documents/AES_VHDL/controller.vhd Line: 61
Warning (10036): Verilog HDL or VHDL warning at decryption_aes.vhd(78): object "done" assigned a value but never read File: /home/azeom425/Documents/AES_VHDL/decryption_aes.vhd Line: 78
Info (12128): Elaborating entity "invmixcolumns" for hierarchy "decryption_aes:decryption_inst|invmixcolumns:mix" File: /home/azeom425/Documents/AES_VHDL/decryption_aes.vhd Line: 130
Info (12128): Elaborating entity "invsubbytes" for hierarchy "decryption_aes:decryption_inst|invsubbytes:sub" File: /home/azeom425/Documents/AES_VHDL/decryption_aes.vhd Line: 137
Info (12128): Elaborating entity "invshiftrows" for hierarchy "decryption_aes:decryption_inst|invshiftrows:shift" File: /home/azeom425/Documents/AES_VHDL/decryption_aes.vhd Line: 142
Info (286030): Timing-Driven Synthesis is running
Info (16010): Generating hard_block partition "hard_block:auto_generated_inst"
    Info (16011): Adding 0 node(s), including 0 DDIO, 0 PLL, 0 transceiver and 0 LCELL
Info (21057): Implemented 8049 device resources after synthesis - the final resource count might be different
    Info (21058): Implemented 2 input pins
    Info (21059): Implemented 56 output pins
    Info (21061): Implemented 7991 logic cells
Info: Quartus Prime Analysis & Synthesis was successful. 0 errors, 7 warnings
    Info: Peak virtual memory: 533 megabytes
    Info: Processing ended: Tue May 13 16:09:09 2025
    Info: Elapsed time: 00:01:07
    Info: Total CPU time (on all processors): 00:01:16


